Right Normal Diff:

AddHunk
OneLine 0
OneLine 1
"This is the first and only line."
None

